---
http_interactions:
- request:
    method: post
    uri: https://showoff-rails-react-production.herokuapp.com/api/v1/users
    body:
      encoding: UTF-8
      string: '{"user":{"email":"23a9d8f8f4bea6e02affc606856230ce@showoff.ie","password":"12345678","first_name":"Elda","last_name":"Wyman"},"client_id":"277ef29692f9a70d511415dc60592daf4cf2c6f6552d3e1b769924b2f2e2e6fe","client_secret":"d6106f26e8ff5b749a606a1fba557f44eb3dca8f48596847770beb9b643ea352"}'
    headers:
      Accept:
      - "*/*"
      User-Agent:
      - rest-client/2.1.0 (mingw32 x86_64) ruby/2.5.1p57
      Content-Type:
      - application/json
      Content-Length:
      - '288'
      Accept-Encoding:
      - gzip;q=1.0,deflate;q=0.6,identity;q=0.3
      Host:
      - showoff-rails-react-production.herokuapp.com
  response:
    status:
      code: 200
      message: OK
    headers:
      Server:
      - Cowboy
      Date:
      - Sat, 07 Mar 2020 08:16:47 GMT
      Connection:
      - keep-alive
      X-Frame-Options:
      - SAMEORIGIN
      X-Xss-Protection:
      - 1; mode=block
      X-Content-Type-Options:
      - nosniff
      Content-Type:
      - application/json; charset=utf-8
      Vary:
      - Accept-Encoding, Origin
      Etag:
      - W/"eaf2cc469452b2ae65f70ff0fa4a1555"
      Cache-Control:
      - max-age=0, private, must-revalidate
      X-Request-Id:
      - e606b1ea-e11c-4b95-a090-be31579a465e
      X-Runtime:
      - '0.206633'
      Transfer-Encoding:
      - chunked
      Via:
      - 1.1 vegur
    body:
      encoding: UTF-8
      string: '{"code":0,"message":"Success","data":{"user":{"id":3408,"name":"Elda
        Wyman","images":{"small_url":"https://showoff-rails-react-api-production.s3.amazonaws.com/users/images/missing/missing.jpg","medium_url":"https://showoff-rails-react-api-production.s3.amazonaws.com/users/images/missing/missing.jpg","large_url":"https://showoff-rails-react-api-production.s3.amazonaws.com/users/images/missing/missing.jpg","original_url":"https://showoff-rails-react-api-production.s3.amazonaws.com/users/images/missing/missing.jpg"},"first_name":"Elda","last_name":"Wyman","date_of_birth":null,"email":"23a9d8f8f4bea6e02affc606856230ce@showoff.ie","active":true},"token":{"access_token":"ca6dbaf531acd9a6acc749ef98d93b48b9c6a30d5236848c095a138b5e2871bc","token_type":"Bearer","expires_in":2592000,"refresh_token":"2aa57d8ff0d0bd1aa0a0a5cf65f4123d6585530efdbfb0e1881d82df62d25a52","scope":"basic","created_at":1583569007}}}'
    http_version: null
  recorded_at: Sat, 07 Mar 2020 08:16:47 GMT
- request:
    method: post
    uri: https://showoff-rails-react-production.herokuapp.com/oauth/token
    body:
      encoding: UTF-8
      string: '{"grant_type":"password","username":"23a9d8f8f4bea6e02affc606856230ce@showoff.ie","password":"12345678","client_id":"277ef29692f9a70d511415dc60592daf4cf2c6f6552d3e1b769924b2f2e2e6fe","client_secret":"d6106f26e8ff5b749a606a1fba557f44eb3dca8f48596847770beb9b643ea352"}'
    headers:
      Accept:
      - "*/*"
      User-Agent:
      - rest-client/2.1.0 (mingw32 x86_64) ruby/2.5.1p57
      Content-Type:
      - application/json
      Content-Length:
      - '266'
      Accept-Encoding:
      - gzip;q=1.0,deflate;q=0.6,identity;q=0.3
      Host:
      - showoff-rails-react-production.herokuapp.com
  response:
    status:
      code: 200
      message: OK
    headers:
      Server:
      - Cowboy
      Date:
      - Sat, 07 Mar 2020 08:16:48 GMT
      Connection:
      - keep-alive
      X-Frame-Options:
      - SAMEORIGIN
      X-Xss-Protection:
      - 1; mode=block
      X-Content-Type-Options:
      - nosniff
      Content-Type:
      - application/json; charset=utf-8
      Vary:
      - Accept-Encoding, Origin
      Etag:
      - W/"e88cbf9282899b35a31f07ff80769043"
      Cache-Control:
      - max-age=0, private, must-revalidate
      X-Request-Id:
      - ea78bc9f-d235-453a-b1c6-d6a7f818040b
      X-Runtime:
      - '0.206707'
      Transfer-Encoding:
      - chunked
      Via:
      - 1.1 vegur
    body:
      encoding: UTF-8
      string: '{"code":0,"message":"Success","data":{"token":{"access_token":"89080b422a88caa91d6faf36ffa66f10928cc6aede4c04076f872304b8c5cfdb","token_type":"Bearer","expires_in":2592000,"refresh_token":"9216cfc57437c5126b150449712ede7df9e8797238d8761c6a3006638149b895","scope":"basic","created_at":1583569009}}}'
    http_version: null
  recorded_at: Sat, 07 Mar 2020 08:16:49 GMT
- request:
    method: post
    uri: https://showoff-rails-react-production.herokuapp.com/oauth/token
    body:
      encoding: UTF-8
      string: '{"grant_type":"refresh_token","refresh_token":"9216cfc57437c5126b150449712ede7df9e8797238d8761c6a3006638149b895","client_id":"277ef29692f9a70d511415dc60592daf4cf2c6f6552d3e1b769924b2f2e2e6fe","client_secret":"d6106f26e8ff5b749a606a1fba557f44eb3dca8f48596847770beb9b643ea352"}'
    headers:
      Accept:
      - "*/*"
      User-Agent:
      - rest-client/2.1.0 (mingw32 x86_64) ruby/2.5.1p57
      Authorization:
      - Bearer 89080b422a88caa91d6faf36ffa66f10928cc6aede4c04076f872304b8c5cfdb
      Content-Type:
      - application/json
      Content-Length:
      - '275'
      Accept-Encoding:
      - gzip;q=1.0,deflate;q=0.6,identity;q=0.3
      Host:
      - showoff-rails-react-production.herokuapp.com
  response:
    status:
      code: 200
      message: OK
    headers:
      Server:
      - Cowboy
      Date:
      - Sat, 07 Mar 2020 08:16:50 GMT
      Connection:
      - keep-alive
      X-Frame-Options:
      - SAMEORIGIN
      X-Xss-Protection:
      - 1; mode=block
      X-Content-Type-Options:
      - nosniff
      Content-Type:
      - application/json; charset=utf-8
      Vary:
      - Accept-Encoding, Origin
      Etag:
      - W/"ca27e63a19b52495bb98e5def2283e6f"
      Cache-Control:
      - max-age=0, private, must-revalidate
      X-Request-Id:
      - 5f0cdc54-4321-4633-9b66-4ff5d242cf1d
      X-Runtime:
      - '0.041878'
      Transfer-Encoding:
      - chunked
      Via:
      - 1.1 vegur
    body:
      encoding: UTF-8
      string: '{"code":0,"message":"Success","data":{"token":{"access_token":"9846a2cd06755fed8e857b60da13eb0dd29fac89f16916608e5d2b550ededa54","token_type":"Bearer","expires_in":2592000,"refresh_token":"e924f32cab44d744e3cee49352f2e7fdac0e3361698293d3835acf1d6ca401ad","scope":"basic","created_at":1583569010}}}'
    http_version: null
  recorded_at: Sat, 07 Mar 2020 08:16:50 GMT
recorded_with: VCR 5.1.0
